[www.mecstatic.com/index.html]
[backblue.gif]
[fade.gif]
[index.html]
[www.mecstatic.com/products.html]
[www.mecstatic.com/shop-local-houston.html]
[www.mecstatic.com/about-m-ecstatic.html]
[www.mecstatic.com/contact.html]
[www.mecstatic.com/product/ring.html]
[www.mecstatic.com/product/double-double.html]
[www.mecstatic.com/product/twist-tie-ring.html]
[www.mecstatic.com/product/eyeball-ring.html]
[www.mecstatic.com/product/white-heart-cage-ring.html]
[www.mecstatic.com/product/quartazon-silver-ring.html]
[www.mecstatic.com/product/tear-drop-dot.html]
[www.mecstatic.com/product/vertebrae-earring.html]
[www.mecstatic.com/product/equilateral-earrings.html]
[www.mecstatic.com/product/hands.html]
[www.mecstatic.com/product/ghost-collar.html]
[www.mecstatic.com/product/temple-ring.html]
[www.mecstatic.com/product/crescent.html]
[www.mecstatic.com/product/knuckle-knax.html]
[www.mecstatic.com/product/chicklet-cuff.html]
[www.mecstatic.com/product/double-arrow-semi-triangle-skinny-cuff.html]
[www.mecstatic.com/product/happy-buddha-hoop.html]
[www.mecstatic.com/product/mushroom-cap-the-oval.html]
[www.mecstatic.com/product/lasso-hoop.html]
[www.mecstatic.com/index.html]
[www.mecstatic.com/category/jewelry.html]
[www.mecstatic.com/category/arm-candy-bracelets.html]
[www.mecstatic.com/product/triangulation.html]
[www.mecstatic.com/category/sterling-silver.html]
[www.mecstatic.com/category/handmade.html]
[www.mecstatic.com/category/rings.html]
[www.mecstatic.com/category/stones.html]
[www.mecstatic.com/category/necklaces.html]
[www.mecstatic.com/category/body-jewelry.html]
[www.mecstatic.com/category/brass.html]
[www.mecstatic.com/category/earlobes.html]
[www.mecstatic.com/products.html]
[www.mecstatic.com/shop-local-houston.html]
[www.mecstatic.com/about-m-ecstatic.html]
[www.mecstatic.com/contact.html]
[www.mecstatic.com/product/ring.html]
[www.mecstatic.com/product/double-double.html]
[www.mecstatic.com/product/twist-tie-ring.html]
[www.mecstatic.com/product/eyeball-ring.html]
[www.mecstatic.com/product/white-heart-cage-ring.html]
[www.mecstatic.com/product/quartazon-silver-ring.html]
[www.mecstatic.com/product/tear-drop-dot.html]
[www.mecstatic.com/product/vertebrae-earring.html]
[www.mecstatic.com/product/equilateral-earrings.html]
[www.mecstatic.com/product/hands.html]
[www.mecstatic.com/product/ghost-collar.html]
[www.mecstatic.com/product/temple-ring.html]
[www.mecstatic.com/product/crescent.html]
[www.mecstatic.com/product/knuckle-knax.html]
[www.mecstatic.com/product/chicklet-cuff.html]
[www.mecstatic.com/product/double-arrow-semi-triangle-skinny-cuff.html]
[www.mecstatic.com/product/happy-buddha-hoop.html]
[www.mecstatic.com/product/mushroom-cap-the-oval.html]
[www.mecstatic.com/product/lasso-hoop.html]
[www.mecstatic.com/product/triangulation.html]
[www.mecstatic.com/category/jewelry.html]
[www.mecstatic.com/category/arm-candy-bracelets.html]
[www.mecstatic.com/category/sterling-silver.html]
[www.mecstatic.com/category/handmade.html]
[www.mecstatic.com/category/rings.html]
[www.mecstatic.com/category/stones.html]
[www.mecstatic.com/category/necklaces.html]
[www.mecstatic.com/category/body-jewelry.html]
[www.mecstatic.com/category/brass.html]
[www.mecstatic.com/category/earlobes.html]
[www.mecstatic.com/artist/m-ecstatic.html]
[www.mecstatic.com/artist/m-ecstatic.html]
